#
# There is insufficient memory for the Java Runtime Environment to continue.
# Native memory allocation (malloc) failed to allocate 1048576 bytes. Error detail: AllocateHeap
# Possible reasons:
#   The system is out of physical RAM or swap space
#   This process is running with CompressedOops enabled, and the Java Heap may be blocking the growth of the native heap
# Possible solutions:
#   Reduce memory load on the system
#   Increase physical memory or swap space
#   Check if swap backing store is full
#   Decrease Java heap size (-Xmx/-Xms)
#   Decrease number of Java threads
#   Decrease Java thread stack sizes (-Xss)
#   Set larger code cache with -XX:ReservedCodeCacheSize=
#   JVM is running with Unscaled Compressed Oops mode in which the Java heap is
#     placed in the first 4GB address space. The Java Heap base address is the
#     maximum limit for the native heap growth. Please use -XX:HeapBaseMinAddress
#     to set the Java Heap base and to place the Java Heap above 4GB virtual address.
# This output file may be truncated or incomplete.
#
#  Out of Memory Error (allocation.cpp:44), pid=29244, tid=34020
#
# JRE version:  (21.0.9+1) (build )
# Java VM: OpenJDK 64-Bit Server VM (21.0.9+1-b1163.86, mixed mode, sharing, tiered, compressed oops, compressed class ptrs, g1 gc, windows-amd64)
# No core dump will be written. Minidumps are not enabled by default on client versions of Windows
#

---------------  S U M M A R Y ------------

Command Line: com.intellij.mcpserver.stdio.McpStdioRunnerKt

Host: 13th Gen Intel(R) Core(TM) i7-13620H, 16 cores, 15G,  Windows 11 , 64 bit Build 26100 (10.0.26100.8246)
Time: Mon May 11 20:52:56 2026 Hora de verano romance elapsed time: 1.147631 seconds (0d 0h 0m 1s)

---------------  T H R E A D  ---------------

Current thread (0x000001ddd2a90320):  JavaThread "Unknown thread" [_thread_in_vm, id=34020, stack(0x00000055e6400000,0x00000055e6500000) (1024K)]

Stack: [0x00000055e6400000,0x00000055e6500000]
Native frames: (J=compiled Java code, j=interpreted, Vv=VM code, C=native code)
V  [jvm.dll+0x6ec339]
V  [jvm.dll+0x8cc463]
V  [jvm.dll+0x8cea7e]
V  [jvm.dll+0x8cf163]
V  [jvm.dll+0x28b006]
V  [jvm.dll+0xc16b7]
V  [jvm.dll+0x336f45]
V  [jvm.dll+0x893aed]
V  [jvm.dll+0x3cdda8]
V  [jvm.dll+0x87ca68]
V  [jvm.dll+0x462a4e]
V  [jvm.dll+0x464731]
C  [jli.dll+0x52ab]
C  [ucrtbase.dll+0x37b0]
C  [KERNEL32.DLL+0x2e8d7]
C  [ntdll.dll+0x8c3fc]


---------------  P R O C E S S  ---------------

Threads class SMR info:
_java_thread_list=0x00007fffe9c852c8, length=0, elements={
}

Java Threads: ( => current thread )
Total: 0

Other Threads:

=>0x000001ddd2a90320 (exited) JavaThread "Unknown thread"    [_thread_in_vm, id=34020, stack(0x00000055e6400000,0x00000055e6500000) (1024K)]
Total: 1

Threads with active compile tasks:
Total: 0

VM state: not at safepoint (not fully initialized)

VM Mutex/Monitor currently owned by a thread: None

Heap address: 0x0000000000000000, size: 0 MB, Compressed Oops mode: 32-bit

CDS archive(s) mapped at: [0x0000000000000000-0x0000000000000000-0x0000000000000000), size 0, SharedBaseAddress: 0x0000000800000000, ArchiveRelocationMode: 1.
Narrow klass base: 0x0000000000000000, Narrow klass shift: 0, Narrow klass range: 0x0

GC Precious Log:
 CardTable entry size: 512
 Card Set container configuration: InlinePtr #cards 4 size 8 Array Of Cards #cards 16 size 48 Howl #buckets 8 coarsen threshold 3686 Howl Bitmap #cards 512 size 80 coarsen threshold 460 Card regions per heap region 1 cards per card region 4096

GC Heap History (0 events):
No events

Dll operation events (1 events):
Event: 0.043 Loaded shared library C:\Program Files\JetBrains\JetBrains Rider 2025.3.1\jbr\bin\java.dll

Deoptimization events (0 events):
No events

Classes loaded (0 events):
No events

Classes unloaded (0 events):
No events

Classes redefined (0 events):
No events

Internal exceptions (0 events):
No events

ZGC Phase Switch (0 events):
No events

VM Operations (0 events):
No events

Memory protections (0 events):
No events

Nmethod flushes (0 events):
No events

Events (0 events):
No events


Dynamic libraries:
0x00007ff699400000 - 0x00007ff69940a000 	C:\Program Files\JetBrains\JetBrains Rider 2025.3.1\jbr\bin\java.exe
0x00007ff85b0c0000 - 0x00007ff85b327000 	C:\WINDOWS\SYSTEM32\ntdll.dll
0x00007ff859b30000 - 0x00007ff859bf9000 	C:\WINDOWS\System32\KERNEL32.DLL
0x00007ff857990000 - 0x00007ff857d84000 	C:\WINDOWS\System32\KERNELBASE.dll
0x00007ff857d90000 - 0x00007ff857edb000 	C:\WINDOWS\System32\ucrtbase.dll
0x00007ff816260000 - 0x00007ff816278000 	C:\Program Files\JetBrains\JetBrains Rider 2025.3.1\jbr\bin\jli.dll
0x00007ff845100000 - 0x00007ff84511b000 	C:\Program Files\JetBrains\JetBrains Rider 2025.3.1\jbr\bin\VCRUNTIME140.dll
0x00007ff859180000 - 0x00007ff859345000 	C:\WINDOWS\System32\USER32.dll
0x00007ff858180000 - 0x00007ff8581a7000 	C:\WINDOWS\System32\win32u.dll
0x00007ff859970000 - 0x00007ff85999b000 	C:\WINDOWS\System32\GDI32.dll
0x00007ff858050000 - 0x00007ff85817b000 	C:\WINDOWS\System32\gdi32full.dll
0x00007ff836cf0000 - 0x00007ff836f83000 	C:\WINDOWS\WinSxS\amd64_microsoft.windows.common-controls_6595b64144ccf1df_6.0.26100.8115_none_3e075c82e3354f9c\COMCTL32.dll
0x00007ff858da0000 - 0x00007ff858e43000 	C:\WINDOWS\System32\msvcp_win.dll
0x00007ff858e50000 - 0x00007ff858ef9000 	C:\WINDOWS\System32\msvcrt.dll
0x00007ff85b040000 - 0x00007ff85b072000 	C:\WINDOWS\System32\IMM32.DLL
0x00007ff8264d0000 - 0x00007ff8265c2000 	C:\Program Files\Windhawk\Engine\1.7.3\64\windhawk.dll
0x00007ff85a020000 - 0x00007ff85a0d6000 	C:\WINDOWS\System32\ADVAPI32.dll
0x00007ff8598b0000 - 0x00007ff859957000 	C:\WINDOWS\System32\sechost.dll
0x00007ff859de0000 - 0x00007ff859ef8000 	C:\WINDOWS\System32\RPCRT4.dll
0x0000000064a30000 - 0x0000000064a3d000 	C:\Program Files (x86)\360\Total Security\safemon\SafeWrapper.dll
0x00007ff84ece0000 - 0x00007ff84ede5000 	C:\Program Files (x86)\360\Total Security\safemon\libzdtp64.dll
0x00007ff85a730000 - 0x00007ff85ae97000 	C:\WINDOWS\System32\SHELL32.dll
0x00007ff857ee0000 - 0x00007ff85804a000 	C:\WINDOWS\System32\wintypes.dll
0x00007ff859520000 - 0x00007ff8598a2000 	C:\WINDOWS\System32\combase.dll
0x00007ff859010000 - 0x00007ff859076000 	C:\WINDOWS\System32\SHLWAPI.dll
0x00007ff8583b0000 - 0x00007ff858c18000 	C:\WINDOWS\System32\Windows.Storage.dll
0x00007ff857470000 - 0x00007ff85747b000 	C:\WINDOWS\SYSTEM32\VERSION.dll
0x00007ff8503d0000 - 0x00007ff8503dc000 	C:\Program Files\JetBrains\JetBrains Rider 2025.3.1\jbr\bin\vcruntime140_1.dll
0x00007fff866d0000 - 0x00007fff8675d000 	C:\Program Files\JetBrains\JetBrains Rider 2025.3.1\jbr\bin\msvcp140.dll
0x00007fffe9020000 - 0x00007fffe9ded000 	C:\Program Files\JetBrains\JetBrains Rider 2025.3.1\jbr\bin\server\jvm.dll
0x00007ff859f00000 - 0x00007ff859f80000 	C:\WINDOWS\System32\WS2_32.dll
0x00007ff8577f0000 - 0x00007ff85784e000 	C:\WINDOWS\SYSTEM32\POWRPROF.dll
0x00007ff84e200000 - 0x00007ff84e236000 	C:\WINDOWS\SYSTEM32\WINMM.dll
0x00007ff8577d0000 - 0x00007ff8577e4000 	C:\WINDOWS\SYSTEM32\UMPDC.dll
0x00007ff856670000 - 0x00007ff85668b000 	C:\WINDOWS\SYSTEM32\kernel.appcore.dll
0x00007ff84df30000 - 0x00007ff84df3a000 	C:\Program Files\JetBrains\JetBrains Rider 2025.3.1\jbr\bin\jimage.dll
0x00007ff855580000 - 0x00007ff8557c2000 	C:\WINDOWS\SYSTEM32\DBGHELP.DLL
0x00007ff8599a0000 - 0x00007ff859a78000 	C:\WINDOWS\System32\OLEAUT32.dll
0x00007ff819420000 - 0x00007ff81945b000 	C:\WINDOWS\SYSTEM32\dbgcore.DLL
0x00007ff8581b0000 - 0x00007ff858255000 	C:\WINDOWS\System32\bcryptPrimitives.dll
0x00007ff844c50000 - 0x00007ff844c70000 	C:\Program Files\JetBrains\JetBrains Rider 2025.3.1\jbr\bin\java.dll

JVMTI agents: none

dbghelp: loaded successfully - version: 4.0.5 - missing functions: none
symbol engine: initialized successfully - sym options: 0x614 - pdb path: .;C:\Program Files\JetBrains\JetBrains Rider 2025.3.1\jbr\bin;C:\WINDOWS\SYSTEM32;C:\WINDOWS\WinSxS\amd64_microsoft.windows.common-controls_6595b64144ccf1df_6.0.26100.8115_none_3e075c82e3354f9c;C:\Program Files\Windhawk\Engine\1.7.3\64;C:\Program Files (x86)\360\Total Security\safemon;C:\Program Files\JetBrains\JetBrains Rider 2025.3.1\jbr\bin\server

VM Arguments:
java_command: com.intellij.mcpserver.stdio.McpStdioRunnerKt
java_class_path (initial): C:\Program Files\JetBrains\JetBrains Rider 2025.3.1\plugins\mcpserver\lib\mcpserver-frontend.jar;C:\Program Files\JetBrains\JetBrains Rider 2025.3.1\lib\util-8.jar;C:\Program Files\JetBrains\JetBrains Rider 2025.3.1\lib\module-intellij.libraries.ktor.client.cio.jar;C:\Program Files\JetBrains\JetBrains Rider 2025.3.1\lib\module-intellij.libraries.ktor.client.jar;C:\Program Files\JetBrains\JetBrains Rider 2025.3.1\lib\module-intellij.libraries.ktor.network.tls.jar;C:\Program Files\JetBrains\JetBrains Rider 2025.3.1\lib\module-intellij.libraries.ktor.io.jar;C:\Program Files\JetBrains\JetBrains Rider 2025.3.1\lib\module-intellij.libraries.ktor.utils.jar;C:\Program Files\JetBrains\JetBrains Rider 2025.3.1\lib\module-intellij.libraries.kotlinx.io.jar;C:\Program Files\JetBrains\JetBrains Rider 2025.3.1\lib\module-intellij.libraries.kotlinx.serialization.core.jar;C:\Program Files\JetBrains\JetBrains Rider 2025.3.1\lib\module-intellij.libraries.kotlinx.serialization.json.jar
Launcher Type: SUN_STANDARD

[Global flags]
     intx CICompilerCount                          = 12                                        {product} {ergonomic}
     uint ConcGCThreads                            = 3                                         {product} {ergonomic}
     uint G1ConcRefinementThreads                  = 13                                        {product} {ergonomic}
   size_t G1HeapRegionSize                         = 2097152                                   {product} {ergonomic}
    uintx GCDrainStackTargetSize                   = 64                                        {product} {ergonomic}
   size_t InitialHeapSize                          = 264241152                                 {product} {ergonomic}
   size_t MarkStackSize                            = 4194304                                   {product} {ergonomic}
   size_t MaxHeapSize                              = 4215275520                                {product} {ergonomic}
   size_t MinHeapDeltaBytes                        = 2097152                                   {product} {ergonomic}
   size_t MinHeapSize                              = 8388608                                   {product} {ergonomic}
    uintx NonNMethodCodeHeapSize                   = 7602480                                {pd product} {ergonomic}
    uintx NonProfiledCodeHeapSize                  = 122027880                              {pd product} {ergonomic}
    uintx ProfiledCodeHeapSize                     = 122027880                              {pd product} {ergonomic}
    uintx ReservedCodeCacheSize                    = 251658240                              {pd product} {ergonomic}
     bool SegmentedCodeCache                       = true                                      {product} {ergonomic}
   size_t SoftMaxHeapSize                          = 4215275520                             {manageable} {ergonomic}
     bool UseCompressedOops                        = true                           {product lp64_product} {ergonomic}
     bool UseG1GC                                  = true                                      {product} {ergonomic}
     bool UseLargePagesIndividualAllocation        = false                                  {pd product} {ergonomic}

Logging:
Log output configuration:
 #0: stdout all=warning uptime,level,tags foldmultilines=false
 #1: stderr all=off uptime,level,tags foldmultilines=false

Release file:
<release file has not been read>
Environment Variables:
JAVA_HOME=C:\Users\ciber\.jdks\
PATH=C:\Program Files\Eclipse Adoptium\jdk-25.0.0.36-hotspot\bin;C:\Program Files\Common Files\Oracle\Java\javapath;C:\Users\ciber\.jdks\bin\;C:\Program Files\Eclipse Adoptium\jdk-21.0.6.7-hotspot\bin;C:\Program Files (x86)\Common Files\Oracle\Java\javapath;C:\WINDOWS\system32;C:\WINDOWS;C:\WINDOWS\System32\Wbem;C:\WINDOWS\System32\WindowsPowerShell\v1.0\;C:\WINDOWS\System32\OpenSSH\;C:\Program Files\Git\cmd;C:\Program Files\dotnet\;C:\Program Files\Docker\Docker\resources\bin;C:\Users\ciber\AppData\Local\nvm;C:\nvm4w\nodejs;C:\Program Files\GitHub CLI\;C:\Users\ciber\AppData\Local\Programs\oh-my-posh\bin\;C:\Users\ciber\AppData\Local\Microsoft\WindowsApps;C:\Users\ciber\AppData\Local\Programs\Microsoft VS Code\bin;C:\Users\ciber\AppData\Local\GitHubDesktop\bin;C:\Users\ciber\AppData\Local\gitkraken\bin;C:\Users\ciber\AppData\Local\Microsoft\WindowsApps;C:\Users\ciber\AppData\Local\JetBrains\Toolbox\scripts;C:\Users\ciber\.dotnet\tools;C:\Users\ciber\AppData\Local\nvm;C:\nvm4w\nodejs;C:\Users\ciber\AppData\Local\Programs\Antigravity\bin;C:\Users\ciber\AppData\Local\PowerToys\DSCModules\
USERNAME=ciber
SHELL=C:\Program Files\Git\bin\bash.exe
OS=Windows_NT
PROCESSOR_IDENTIFIER=Intel64 Family 6 Model 186 Stepping 2, GenuineIntel
TMP=C:\Users\ciber\AppData\Local\Temp
TEMP=C:\Users\ciber\AppData\Local\Temp




Periodic native trim disabled

JNI global refs:
JNI global refs: 0, weak refs: 0

JNI global refs memory usage: 0, weak refs: 0

Process memory usage:
Resident Set Size: 16000K (0% of 16462712K total physical memory with 1290800K free physical memory)

OOME stack traces (most recent first):
Classloader memory used:

---------------  S Y S T E M  ---------------

OS:
 Windows 11 , 64 bit Build 26100 (10.0.26100.8246)
OS uptime: 22 days 3:53 hours
Hyper-V role detected

CPU: total 16 (initial active 16) (8 cores per cpu, 2 threads per core) family 6 model 186 stepping 2 microcode 0x4112, cx8, cmov, fxsr, ht, mmx, 3dnowpref, sse, sse2, sse3, ssse3, sse4.1, sse4.2, popcnt, lzcnt, tsc, tscinvbit, avx, avx2, aes, erms, clmul, bmi1, bmi2, adx, sha, fma, vzeroupper, clflush, clflushopt, clwb, hv, serialize, rdtscp, rdpid, fsrm, f16c, cet_ibt, cet_ss
Processor Information for processor 0
  Max Mhz: 2400, Current Mhz: 2400, Mhz Limit: 2400
Processor Information for processor 1
  Max Mhz: 2400, Current Mhz: 2400, Mhz Limit: 2400
Processor Information for processor 2
  Max Mhz: 2400, Current Mhz: 2400, Mhz Limit: 2400
Processor Information for processor 3
  Max Mhz: 2400, Current Mhz: 2400, Mhz Limit: 2400
Processor Information for processor 4
  Max Mhz: 2400, Current Mhz: 2400, Mhz Limit: 2400
Processor Information for processor 5
  Max Mhz: 2400, Current Mhz: 2400, Mhz Limit: 2400
Processor Information for processor 6
  Max Mhz: 2400, Current Mhz: 2400, Mhz Limit: 2400
Processor Information for processor 7
  Max Mhz: 2400, Current Mhz: 2400, Mhz Limit: 2400
Processor Information for processor 8
  Max Mhz: 2400, Current Mhz: 2400, Mhz Limit: 2400
Processor Information for processor 9
  Max Mhz: 2400, Current Mhz: 2400, Mhz Limit: 2400
Processor Information for processor 10
  Max Mhz: 2400, Current Mhz: 2400, Mhz Limit: 2400
Processor Information for processor 11
  Max Mhz: 2400, Current Mhz: 2400, Mhz Limit: 2400
Processor Information for processor 12
  Max Mhz: 2400, Current Mhz: 1500, Mhz Limit: 1800
Processor Information for processor 13
  Max Mhz: 2400, Current Mhz: 1500, Mhz Limit: 1800
Processor Information for processor 14
  Max Mhz: 2400, Current Mhz: 1500, Mhz Limit: 1800
Processor Information for processor 15
  Max Mhz: 2400, Current Mhz: 1500, Mhz Limit: 1800

Memory: 4k page, system-wide physical 16076M (1260M free)
TotalPageFile size 41250M (AvailPageFile size 3997M)
current process WorkingSet (physical memory assigned to process): 15M, peak: 15M
current process commit charge ("private bytes"): 14M, peak: 15M

vm_info: OpenJDK 64-Bit Server VM (21.0.9+1-b1163.86) for windows-amd64 JRE (21.0.9+1-b1163.86), built on 2025-12-02 by "builduser" with MS VC++ 16.10 / 16.11 (VS2019)

END.
